100 windows
1 passes/window
7000000 steps/pass
window 1/100	pass 1/1	step 700000
window 1/100	pass 1/1	step 1.4e+06
window 1/100	pass 1/1	step 2.1e+06
window 1/100	pass 1/1	step 2.8e+06
window 1/100	pass 1/1	step 3.5e+06
window 1/100	pass 1/1	step 4.2e+06
window 1/100	pass 1/1	step 4.9e+06
window 1/100	pass 1/1	step 5.6e+06
window 1/100	pass 1/1	step 6.3e+06
window 1/100	pass 1/1	step 7e+06
window 2/100	pass 1/1	step 700000
window 2/100	pass 1/1	step 1.4e+06
window 2/100	pass 1/1	step 2.1e+06
window 2/100	pass 1/1	step 2.8e+06
window 2/100	pass 1/1	step 3.5e+06
window 2/100	pass 1/1	step 4.2e+06
window 2/100	pass 1/1	step 4.9e+06
window 2/100	pass 1/1	step 5.6e+06
window 2/100	pass 1/1	step 6.3e+06
window 2/100	pass 1/1	step 7e+06
window 3/100	pass 1/1	step 700000
window 3/100	pass 1/1	step 1.4e+06
window 3/100	pass 1/1	step 2.1e+06
window 3/100	pass 1/1	step 2.8e+06
window 3/100	pass 1/1	step 3.5e+06
window 3/100	pass 1/1	step 4.2e+06
window 3/100	pass 1/1	step 4.9e+06
window 3/100	pass 1/1	step 5.6e+06
window 3/100	pass 1/1	step 6.3e+06
window 3/100	pass 1/1	step 7e+06
window 4/100	pass 1/1	step 700000
window 4/100	pass 1/1	step 1.4e+06
window 4/100	pass 1/1	step 2.1e+06
window 4/100	pass 1/1	step 2.8e+06
window 4/100	pass 1/1	step 3.5e+06
window 4/100	pass 1/1	step 4.2e+06
window 4/100	pass 1/1	step 4.9e+06
window 4/100	pass 1/1	step 5.6e+06
window 4/100	pass 1/1	step 6.3e+06
window 4/100	pass 1/1	step 7e+06
window 5/100	pass 1/1	step 700000
window 5/100	pass 1/1	step 1.4e+06
window 5/100	pass 1/1	step 2.1e+06
window 5/100	pass 1/1	step 2.8e+06
window 5/100	pass 1/1	step 3.5e+06
window 5/100	pass 1/1	step 4.2e+06
window 5/100	pass 1/1	step 4.9e+06
window 5/100	pass 1/1	step 5.6e+06
window 5/100	pass 1/1	step 6.3e+06
window 5/100	pass 1/1	step 7e+06
window 6/100	pass 1/1	step 700000
window 6/100	pass 1/1	step 1.4e+06
window 6/100	pass 1/1	step 2.1e+06
window 6/100	pass 1/1	step 2.8e+06
window 6/100	pass 1/1	step 3.5e+06
window 6/100	pass 1/1	step 4.2e+06
window 6/100	pass 1/1	step 4.9e+06
window 6/100	pass 1/1	step 5.6e+06
window 6/100	pass 1/1	step 6.3e+06
window 6/100	pass 1/1	step 7e+06
window 7/100	pass 1/1	step 700000
window 7/100	pass 1/1	step 1.4e+06
window 7/100	pass 1/1	step 2.1e+06
window 7/100	pass 1/1	step 2.8e+06
window 7/100	pass 1/1	step 3.5e+06
window 7/100	pass 1/1	step 4.2e+06
window 7/100	pass 1/1	step 4.9e+06
window 7/100	pass 1/1	step 5.6e+06
window 7/100	pass 1/1	step 6.3e+06
window 7/100	pass 1/1	step 7e+06
window 8/100	pass 1/1	step 700000
window 8/100	pass 1/1	step 1.4e+06
window 8/100	pass 1/1	step 2.1e+06
window 8/100	pass 1/1	step 2.8e+06
window 8/100	pass 1/1	step 3.5e+06
window 8/100	pass 1/1	step 4.2e+06
window 8/100	pass 1/1	step 4.9e+06
window 8/100	pass 1/1	step 5.6e+06
window 8/100	pass 1/1	step 6.3e+06
window 8/100	pass 1/1	step 7e+06
window 9/100	pass 1/1	step 700000
window 9/100	pass 1/1	step 1.4e+06
window 9/100	pass 1/1	step 2.1e+06
window 9/100	pass 1/1	step 2.8e+06
window 9/100	pass 1/1	step 3.5e+06
window 9/100	pass 1/1	step 4.2e+06
window 9/100	pass 1/1	step 4.9e+06
window 9/100	pass 1/1	step 5.6e+06
window 9/100	pass 1/1	step 6.3e+06
window 9/100	pass 1/1	step 7e+06
window 10/100	pass 1/1	step 700000
window 10/100	pass 1/1	step 1.4e+06
window 10/100	pass 1/1	step 2.1e+06
window 10/100	pass 1/1	step 2.8e+06
window 10/100	pass 1/1	step 3.5e+06
window 10/100	pass 1/1	step 4.2e+06
window 10/100	pass 1/1	step 4.9e+06
window 10/100	pass 1/1	step 5.6e+06
window 10/100	pass 1/1	step 6.3e+06
window 10/100	pass 1/1	step 7e+06
window 11/100	pass 1/1	step 700000
window 11/100	pass 1/1	step 1.4e+06
window 11/100	pass 1/1	step 2.1e+06
window 11/100	pass 1/1	step 2.8e+06
window 11/100	pass 1/1	step 3.5e+06
window 11/100	pass 1/1	step 4.2e+06
window 11/100	pass 1/1	step 4.9e+06
window 11/100	pass 1/1	step 5.6e+06
window 11/100	pass 1/1	step 6.3e+06
window 11/100	pass 1/1	step 7e+06
window 12/100	pass 1/1	step 700000
window 12/100	pass 1/1	step 1.4e+06
window 12/100	pass 1/1	step 2.1e+06
window 12/100	pass 1/1	step 2.8e+06
window 12/100	pass 1/1	step 3.5e+06
window 12/100	pass 1/1	step 4.2e+06
window 12/100	pass 1/1	step 4.9e+06
window 12/100	pass 1/1	step 5.6e+06
window 12/100	pass 1/1	step 6.3e+06
window 12/100	pass 1/1	step 7e+06
window 13/100	pass 1/1	step 700000
window 13/100	pass 1/1	step 1.4e+06
window 13/100	pass 1/1	step 2.1e+06
window 13/100	pass 1/1	step 2.8e+06
window 13/100	pass 1/1	step 3.5e+06
window 13/100	pass 1/1	step 4.2e+06
window 13/100	pass 1/1	step 4.9e+06
window 13/100	pass 1/1	step 5.6e+06
window 13/100	pass 1/1	step 6.3e+06
window 13/100	pass 1/1	step 7e+06
window 14/100	pass 1/1	step 700000
window 14/100	pass 1/1	step 1.4e+06
window 14/100	pass 1/1	step 2.1e+06
window 14/100	pass 1/1	step 2.8e+06
window 14/100	pass 1/1	step 3.5e+06
window 14/100	pass 1/1	step 4.2e+06
window 14/100	pass 1/1	step 4.9e+06
window 14/100	pass 1/1	step 5.6e+06
window 14/100	pass 1/1	step 6.3e+06
window 14/100	pass 1/1	step 7e+06
window 15/100	pass 1/1	step 700000
window 15/100	pass 1/1	step 1.4e+06
window 15/100	pass 1/1	step 2.1e+06
window 15/100	pass 1/1	step 2.8e+06
window 15/100	pass 1/1	step 3.5e+06
window 15/100	pass 1/1	step 4.2e+06
window 15/100	pass 1/1	step 4.9e+06
window 15/100	pass 1/1	step 5.6e+06
window 15/100	pass 1/1	step 6.3e+06
window 15/100	pass 1/1	step 7e+06
window 16/100	pass 1/1	step 700000
window 16/100	pass 1/1	step 1.4e+06
window 16/100	pass 1/1	step 2.1e+06
window 16/100	pass 1/1	step 2.8e+06
window 16/100	pass 1/1	step 3.5e+06
window 16/100	pass 1/1	step 4.2e+06
window 16/100	pass 1/1	step 4.9e+06
window 16/100	pass 1/1	step 5.6e+06
window 16/100	pass 1/1	step 6.3e+06
window 16/100	pass 1/1	step 7e+06
window 17/100	pass 1/1	step 700000
window 17/100	pass 1/1	step 1.4e+06
window 17/100	pass 1/1	step 2.1e+06
window 17/100	pass 1/1	step 2.8e+06
window 17/100	pass 1/1	step 3.5e+06
window 17/100	pass 1/1	step 4.2e+06
window 17/100	pass 1/1	step 4.9e+06
window 17/100	pass 1/1	step 5.6e+06
window 17/100	pass 1/1	step 6.3e+06
window 17/100	pass 1/1	step 7e+06
window 18/100	pass 1/1	step 700000
window 18/100	pass 1/1	step 1.4e+06
window 18/100	pass 1/1	step 2.1e+06
window 18/100	pass 1/1	step 2.8e+06
window 18/100	pass 1/1	step 3.5e+06
window 18/100	pass 1/1	step 4.2e+06
window 18/100	pass 1/1	step 4.9e+06
window 18/100	pass 1/1	step 5.6e+06
window 18/100	pass 1/1	step 6.3e+06
window 18/100	pass 1/1	step 7e+06
window 19/100	pass 1/1	step 700000
window 19/100	pass 1/1	step 1.4e+06
window 19/100	pass 1/1	step 2.1e+06
window 19/100	pass 1/1	step 2.8e+06
window 19/100	pass 1/1	step 3.5e+06
window 19/100	pass 1/1	step 4.2e+06
window 19/100	pass 1/1	step 4.9e+06
window 19/100	pass 1/1	step 5.6e+06
window 19/100	pass 1/1	step 6.3e+06
window 19/100	pass 1/1	step 7e+06
window 20/100	pass 1/1	step 700000
window 20/100	pass 1/1	step 1.4e+06
window 20/100	pass 1/1	step 2.1e+06
window 20/100	pass 1/1	step 2.8e+06
window 20/100	pass 1/1	step 3.5e+06
window 20/100	pass 1/1	step 4.2e+06
window 20/100	pass 1/1	step 4.9e+06
window 20/100	pass 1/1	step 5.6e+06
window 20/100	pass 1/1	step 6.3e+06
window 20/100	pass 1/1	step 7e+06
window 21/100	pass 1/1	step 700000
window 21/100	pass 1/1	step 1.4e+06
window 21/100	pass 1/1	step 2.1e+06
window 21/100	pass 1/1	step 2.8e+06
window 21/100	pass 1/1	step 3.5e+06
window 21/100	pass 1/1	step 4.2e+06
window 21/100	pass 1/1	step 4.9e+06
window 21/100	pass 1/1	step 5.6e+06
window 21/100	pass 1/1	step 6.3e+06
window 21/100	pass 1/1	step 7e+06
window 22/100	pass 1/1	step 700000
window 22/100	pass 1/1	step 1.4e+06
window 22/100	pass 1/1	step 2.1e+06
window 22/100	pass 1/1	step 2.8e+06
window 22/100	pass 1/1	step 3.5e+06
window 22/100	pass 1/1	step 4.2e+06
window 22/100	pass 1/1	step 4.9e+06
window 22/100	pass 1/1	step 5.6e+06
window 22/100	pass 1/1	step 6.3e+06
window 22/100	pass 1/1	step 7e+06
window 23/100	pass 1/1	step 700000
window 23/100	pass 1/1	step 1.4e+06
window 23/100	pass 1/1	step 2.1e+06
window 23/100	pass 1/1	step 2.8e+06
window 23/100	pass 1/1	step 3.5e+06
window 23/100	pass 1/1	step 4.2e+06
window 23/100	pass 1/1	step 4.9e+06
window 23/100	pass 1/1	step 5.6e+06
window 23/100	pass 1/1	step 6.3e+06
window 23/100	pass 1/1	step 7e+06
window 24/100	pass 1/1	step 700000
window 24/100	pass 1/1	step 1.4e+06
window 24/100	pass 1/1	step 2.1e+06
window 24/100	pass 1/1	step 2.8e+06
window 24/100	pass 1/1	step 3.5e+06
window 24/100	pass 1/1	step 4.2e+06
window 24/100	pass 1/1	step 4.9e+06
window 24/100	pass 1/1	step 5.6e+06
window 24/100	pass 1/1	step 6.3e+06
window 24/100	pass 1/1	step 7e+06
window 25/100	pass 1/1	step 700000
window 25/100	pass 1/1	step 1.4e+06
window 25/100	pass 1/1	step 2.1e+06
window 25/100	pass 1/1	step 2.8e+06
window 25/100	pass 1/1	step 3.5e+06
window 25/100	pass 1/1	step 4.2e+06
window 25/100	pass 1/1	step 4.9e+06
window 25/100	pass 1/1	step 5.6e+06
window 25/100	pass 1/1	step 6.3e+06
window 25/100	pass 1/1	step 7e+06
window 26/100	pass 1/1	step 700000
window 26/100	pass 1/1	step 1.4e+06
window 26/100	pass 1/1	step 2.1e+06
window 26/100	pass 1/1	step 2.8e+06
window 26/100	pass 1/1	step 3.5e+06
window 26/100	pass 1/1	step 4.2e+06
window 26/100	pass 1/1	step 4.9e+06
window 26/100	pass 1/1	step 5.6e+06
window 26/100	pass 1/1	step 6.3e+06
window 26/100	pass 1/1	step 7e+06
window 27/100	pass 1/1	step 700000
window 27/100	pass 1/1	step 1.4e+06
window 27/100	pass 1/1	step 2.1e+06
window 27/100	pass 1/1	step 2.8e+06
window 27/100	pass 1/1	step 3.5e+06
window 27/100	pass 1/1	step 4.2e+06
window 27/100	pass 1/1	step 4.9e+06
window 27/100	pass 1/1	step 5.6e+06
window 27/100	pass 1/1	step 6.3e+06
window 27/100	pass 1/1	step 7e+06
window 28/100	pass 1/1	step 700000
window 28/100	pass 1/1	step 1.4e+06
window 28/100	pass 1/1	step 2.1e+06
window 28/100	pass 1/1	step 2.8e+06
window 28/100	pass 1/1	step 3.5e+06
window 28/100	pass 1/1	step 4.2e+06
window 28/100	pass 1/1	step 4.9e+06
window 28/100	pass 1/1	step 5.6e+06
window 28/100	pass 1/1	step 6.3e+06
window 28/100	pass 1/1	step 7e+06
window 29/100	pass 1/1	step 700000
window 29/100	pass 1/1	step 1.4e+06
window 29/100	pass 1/1	step 2.1e+06
window 29/100	pass 1/1	step 2.8e+06
window 29/100	pass 1/1	step 3.5e+06
window 29/100	pass 1/1	step 4.2e+06
window 29/100	pass 1/1	step 4.9e+06
window 29/100	pass 1/1	step 5.6e+06
window 29/100	pass 1/1	step 6.3e+06
window 29/100	pass 1/1	step 7e+06
window 30/100	pass 1/1	step 700000
window 30/100	pass 1/1	step 1.4e+06
window 30/100	pass 1/1	step 2.1e+06
window 30/100	pass 1/1	step 2.8e+06
window 30/100	pass 1/1	step 3.5e+06
window 30/100	pass 1/1	step 4.2e+06
window 30/100	pass 1/1	step 4.9e+06
window 30/100	pass 1/1	step 5.6e+06
window 30/100	pass 1/1	step 6.3e+06
window 30/100	pass 1/1	step 7e+06
window 31/100	pass 1/1	step 700000
window 31/100	pass 1/1	step 1.4e+06
window 31/100	pass 1/1	step 2.1e+06
window 31/100	pass 1/1	step 2.8e+06
window 31/100	pass 1/1	step 3.5e+06
window 31/100	pass 1/1	step 4.2e+06
window 31/100	pass 1/1	step 4.9e+06
window 31/100	pass 1/1	step 5.6e+06
window 31/100	pass 1/1	step 6.3e+06
window 31/100	pass 1/1	step 7e+06
window 32/100	pass 1/1	step 700000
window 32/100	pass 1/1	step 1.4e+06
window 32/100	pass 1/1	step 2.1e+06
window 32/100	pass 1/1	step 2.8e+06
window 32/100	pass 1/1	step 3.5e+06
window 32/100	pass 1/1	step 4.2e+06
window 32/100	pass 1/1	step 4.9e+06
window 32/100	pass 1/1	step 5.6e+06
window 32/100	pass 1/1	step 6.3e+06
window 32/100	pass 1/1	step 7e+06
window 33/100	pass 1/1	step 700000
window 33/100	pass 1/1	step 1.4e+06
window 33/100	pass 1/1	step 2.1e+06
window 33/100	pass 1/1	step 2.8e+06
window 33/100	pass 1/1	step 3.5e+06
window 33/100	pass 1/1	step 4.2e+06
window 33/100	pass 1/1	step 4.9e+06
window 33/100	pass 1/1	step 5.6e+06
window 33/100	pass 1/1	step 6.3e+06
window 33/100	pass 1/1	step 7e+06
window 34/100	pass 1/1	step 700000
window 34/100	pass 1/1	step 1.4e+06
window 34/100	pass 1/1	step 2.1e+06
window 34/100	pass 1/1	step 2.8e+06
window 34/100	pass 1/1	step 3.5e+06
window 34/100	pass 1/1	step 4.2e+06
window 34/100	pass 1/1	step 4.9e+06
window 34/100	pass 1/1	step 5.6e+06
window 34/100	pass 1/1	step 6.3e+06
window 34/100	pass 1/1	step 7e+06
window 35/100	pass 1/1	step 700000
window 35/100	pass 1/1	step 1.4e+06
window 35/100	pass 1/1	step 2.1e+06
window 35/100	pass 1/1	step 2.8e+06
window 35/100	pass 1/1	step 3.5e+06
window 35/100	pass 1/1	step 4.2e+06
window 35/100	pass 1/1	step 4.9e+06
window 35/100	pass 1/1	step 5.6e+06
window 35/100	pass 1/1	step 6.3e+06
window 35/100	pass 1/1	step 7e+06
window 36/100	pass 1/1	step 700000
window 36/100	pass 1/1	step 1.4e+06
window 36/100	pass 1/1	step 2.1e+06
window 36/100	pass 1/1	step 2.8e+06
window 36/100	pass 1/1	step 3.5e+06
window 36/100	pass 1/1	step 4.2e+06
window 36/100	pass 1/1	step 4.9e+06
window 36/100	pass 1/1	step 5.6e+06
window 36/100	pass 1/1	step 6.3e+06
window 36/100	pass 1/1	step 7e+06
window 37/100	pass 1/1	step 700000
window 37/100	pass 1/1	step 1.4e+06
window 37/100	pass 1/1	step 2.1e+06
window 37/100	pass 1/1	step 2.8e+06
window 37/100	pass 1/1	step 3.5e+06
window 37/100	pass 1/1	step 4.2e+06
window 37/100	pass 1/1	step 4.9e+06
window 37/100	pass 1/1	step 5.6e+06
window 37/100	pass 1/1	step 6.3e+06
window 37/100	pass 1/1	step 7e+06
window 38/100	pass 1/1	step 700000
window 38/100	pass 1/1	step 1.4e+06
window 38/100	pass 1/1	step 2.1e+06
window 38/100	pass 1/1	step 2.8e+06
window 38/100	pass 1/1	step 3.5e+06
window 38/100	pass 1/1	step 4.2e+06
window 38/100	pass 1/1	step 4.9e+06
window 38/100	pass 1/1	step 5.6e+06
window 38/100	pass 1/1	step 6.3e+06
window 38/100	pass 1/1	step 7e+06
window 39/100	pass 1/1	step 700000
window 39/100	pass 1/1	step 1.4e+06
window 39/100	pass 1/1	step 2.1e+06
window 39/100	pass 1/1	step 2.8e+06
window 39/100	pass 1/1	step 3.5e+06
window 39/100	pass 1/1	step 4.2e+06
window 39/100	pass 1/1	step 4.9e+06
window 39/100	pass 1/1	step 5.6e+06
window 39/100	pass 1/1	step 6.3e+06
window 39/100	pass 1/1	step 7e+06
window 40/100	pass 1/1	step 700000
window 40/100	pass 1/1	step 1.4e+06
window 40/100	pass 1/1	step 2.1e+06
window 40/100	pass 1/1	step 2.8e+06
window 40/100	pass 1/1	step 3.5e+06
window 40/100	pass 1/1	step 4.2e+06
window 40/100	pass 1/1	step 4.9e+06
window 40/100	pass 1/1	step 5.6e+06
window 40/100	pass 1/1	step 6.3e+06
window 40/100	pass 1/1	step 7e+06
window 41/100	pass 1/1	step 700000
window 41/100	pass 1/1	step 1.4e+06
window 41/100	pass 1/1	step 2.1e+06
window 41/100	pass 1/1	step 2.8e+06
window 41/100	pass 1/1	step 3.5e+06
window 41/100	pass 1/1	step 4.2e+06
window 41/100	pass 1/1	step 4.9e+06
window 41/100	pass 1/1	step 5.6e+06
window 41/100	pass 1/1	step 6.3e+06
window 41/100	pass 1/1	step 7e+06
window 42/100	pass 1/1	step 700000
window 42/100	pass 1/1	step 1.4e+06
window 42/100	pass 1/1	step 2.1e+06
window 42/100	pass 1/1	step 2.8e+06
window 42/100	pass 1/1	step 3.5e+06
window 42/100	pass 1/1	step 4.2e+06
window 42/100	pass 1/1	step 4.9e+06
window 42/100	pass 1/1	step 5.6e+06
window 42/100	pass 1/1	step 6.3e+06
window 42/100	pass 1/1	step 7e+06
window 43/100	pass 1/1	step 700000
window 43/100	pass 1/1	step 1.4e+06
window 43/100	pass 1/1	step 2.1e+06
window 43/100	pass 1/1	step 2.8e+06
window 43/100	pass 1/1	step 3.5e+06
window 43/100	pass 1/1	step 4.2e+06
window 43/100	pass 1/1	step 4.9e+06
window 43/100	pass 1/1	step 5.6e+06
window 43/100	pass 1/1	step 6.3e+06
window 43/100	pass 1/1	step 7e+06
window 44/100	pass 1/1	step 700000
window 44/100	pass 1/1	step 1.4e+06
window 44/100	pass 1/1	step 2.1e+06
window 44/100	pass 1/1	step 2.8e+06
window 44/100	pass 1/1	step 3.5e+06
window 44/100	pass 1/1	step 4.2e+06
window 44/100	pass 1/1	step 4.9e+06
window 44/100	pass 1/1	step 5.6e+06
window 44/100	pass 1/1	step 6.3e+06
window 44/100	pass 1/1	step 7e+06
window 45/100	pass 1/1	step 700000
window 45/100	pass 1/1	step 1.4e+06
window 45/100	pass 1/1	step 2.1e+06
window 45/100	pass 1/1	step 2.8e+06
window 45/100	pass 1/1	step 3.5e+06
window 45/100	pass 1/1	step 4.2e+06
window 45/100	pass 1/1	step 4.9e+06
window 45/100	pass 1/1	step 5.6e+06
window 45/100	pass 1/1	step 6.3e+06
window 45/100	pass 1/1	step 7e+06
window 46/100	pass 1/1	step 700000
window 46/100	pass 1/1	step 1.4e+06
window 46/100	pass 1/1	step 2.1e+06
window 46/100	pass 1/1	step 2.8e+06
window 46/100	pass 1/1	step 3.5e+06
window 46/100	pass 1/1	step 4.2e+06
window 46/100	pass 1/1	step 4.9e+06
window 46/100	pass 1/1	step 5.6e+06
window 46/100	pass 1/1	step 6.3e+06
window 46/100	pass 1/1	step 7e+06
window 47/100	pass 1/1	step 700000
window 47/100	pass 1/1	step 1.4e+06
window 47/100	pass 1/1	step 2.1e+06
window 47/100	pass 1/1	step 2.8e+06
window 47/100	pass 1/1	step 3.5e+06
window 47/100	pass 1/1	step 4.2e+06
window 47/100	pass 1/1	step 4.9e+06
window 47/100	pass 1/1	step 5.6e+06
window 47/100	pass 1/1	step 6.3e+06
window 47/100	pass 1/1	step 7e+06
window 48/100	pass 1/1	step 700000
window 48/100	pass 1/1	step 1.4e+06
window 48/100	pass 1/1	step 2.1e+06
window 48/100	pass 1/1	step 2.8e+06
window 48/100	pass 1/1	step 3.5e+06
window 48/100	pass 1/1	step 4.2e+06
window 48/100	pass 1/1	step 4.9e+06
window 48/100	pass 1/1	step 5.6e+06
window 48/100	pass 1/1	step 6.3e+06
window 48/100	pass 1/1	step 7e+06
window 49/100	pass 1/1	step 700000
window 49/100	pass 1/1	step 1.4e+06
window 49/100	pass 1/1	step 2.1e+06
window 49/100	pass 1/1	step 2.8e+06
window 49/100	pass 1/1	step 3.5e+06
window 49/100	pass 1/1	step 4.2e+06
window 49/100	pass 1/1	step 4.9e+06
window 49/100	pass 1/1	step 5.6e+06
window 49/100	pass 1/1	step 6.3e+06
window 49/100	pass 1/1	step 7e+06
window 50/100	pass 1/1	step 700000
window 50/100	pass 1/1	step 1.4e+06
window 50/100	pass 1/1	step 2.1e+06
window 50/100	pass 1/1	step 2.8e+06
window 50/100	pass 1/1	step 3.5e+06
window 50/100	pass 1/1	step 4.2e+06
window 50/100	pass 1/1	step 4.9e+06
window 50/100	pass 1/1	step 5.6e+06
window 50/100	pass 1/1	step 6.3e+06
window 50/100	pass 1/1	step 7e+06
window 51/100	pass 1/1	step 700000
window 51/100	pass 1/1	step 1.4e+06
window 51/100	pass 1/1	step 2.1e+06
window 51/100	pass 1/1	step 2.8e+06
window 51/100	pass 1/1	step 3.5e+06
window 51/100	pass 1/1	step 4.2e+06
window 51/100	pass 1/1	step 4.9e+06
window 51/100	pass 1/1	step 5.6e+06
window 51/100	pass 1/1	step 6.3e+06
window 51/100	pass 1/1	step 7e+06
window 52/100	pass 1/1	step 700000
window 52/100	pass 1/1	step 1.4e+06
window 52/100	pass 1/1	step 2.1e+06
window 52/100	pass 1/1	step 2.8e+06
window 52/100	pass 1/1	step 3.5e+06
window 52/100	pass 1/1	step 4.2e+06
window 52/100	pass 1/1	step 4.9e+06
window 52/100	pass 1/1	step 5.6e+06
window 52/100	pass 1/1	step 6.3e+06
window 52/100	pass 1/1	step 7e+06
window 53/100	pass 1/1	step 700000
window 53/100	pass 1/1	step 1.4e+06
window 53/100	pass 1/1	step 2.1e+06
window 53/100	pass 1/1	step 2.8e+06
window 53/100	pass 1/1	step 3.5e+06
window 53/100	pass 1/1	step 4.2e+06
window 53/100	pass 1/1	step 4.9e+06
window 53/100	pass 1/1	step 5.6e+06
window 53/100	pass 1/1	step 6.3e+06
window 53/100	pass 1/1	step 7e+06
window 54/100	pass 1/1	step 700000
window 54/100	pass 1/1	step 1.4e+06
window 54/100	pass 1/1	step 2.1e+06
window 54/100	pass 1/1	step 2.8e+06
window 54/100	pass 1/1	step 3.5e+06
window 54/100	pass 1/1	step 4.2e+06
window 54/100	pass 1/1	step 4.9e+06
window 54/100	pass 1/1	step 5.6e+06
window 54/100	pass 1/1	step 6.3e+06
window 54/100	pass 1/1	step 7e+06
window 55/100	pass 1/1	step 700000
window 55/100	pass 1/1	step 1.4e+06
window 55/100	pass 1/1	step 2.1e+06
window 55/100	pass 1/1	step 2.8e+06
window 55/100	pass 1/1	step 3.5e+06
window 55/100	pass 1/1	step 4.2e+06
window 55/100	pass 1/1	step 4.9e+06
window 55/100	pass 1/1	step 5.6e+06
window 55/100	pass 1/1	step 6.3e+06
window 55/100	pass 1/1	step 7e+06
window 56/100	pass 1/1	step 700000
window 56/100	pass 1/1	step 1.4e+06
window 56/100	pass 1/1	step 2.1e+06
window 56/100	pass 1/1	step 2.8e+06
window 56/100	pass 1/1	step 3.5e+06
window 56/100	pass 1/1	step 4.2e+06
window 56/100	pass 1/1	step 4.9e+06
window 56/100	pass 1/1	step 5.6e+06
window 56/100	pass 1/1	step 6.3e+06
window 56/100	pass 1/1	step 7e+06
window 57/100	pass 1/1	step 700000
window 57/100	pass 1/1	step 1.4e+06
window 57/100	pass 1/1	step 2.1e+06
window 57/100	pass 1/1	step 2.8e+06
window 57/100	pass 1/1	step 3.5e+06
window 57/100	pass 1/1	step 4.2e+06
window 57/100	pass 1/1	step 4.9e+06
window 57/100	pass 1/1	step 5.6e+06
window 57/100	pass 1/1	step 6.3e+06
window 57/100	pass 1/1	step 7e+06
window 58/100	pass 1/1	step 700000
window 58/100	pass 1/1	step 1.4e+06
window 58/100	pass 1/1	step 2.1e+06
window 58/100	pass 1/1	step 2.8e+06
window 58/100	pass 1/1	step 3.5e+06
window 58/100	pass 1/1	step 4.2e+06
window 58/100	pass 1/1	step 4.9e+06
window 58/100	pass 1/1	step 5.6e+06
window 58/100	pass 1/1	step 6.3e+06
window 58/100	pass 1/1	step 7e+06
window 59/100	pass 1/1	step 700000
window 59/100	pass 1/1	step 1.4e+06
window 59/100	pass 1/1	step 2.1e+06
window 59/100	pass 1/1	step 2.8e+06
window 59/100	pass 1/1	step 3.5e+06
window 59/100	pass 1/1	step 4.2e+06
window 59/100	pass 1/1	step 4.9e+06
window 59/100	pass 1/1	step 5.6e+06
window 59/100	pass 1/1	step 6.3e+06
window 59/100	pass 1/1	step 7e+06
window 60/100	pass 1/1	step 700000
window 60/100	pass 1/1	step 1.4e+06
window 60/100	pass 1/1	step 2.1e+06
window 60/100	pass 1/1	step 2.8e+06
window 60/100	pass 1/1	step 3.5e+06
window 60/100	pass 1/1	step 4.2e+06
window 60/100	pass 1/1	step 4.9e+06
window 60/100	pass 1/1	step 5.6e+06
window 60/100	pass 1/1	step 6.3e+06
window 60/100	pass 1/1	step 7e+06
window 61/100	pass 1/1	step 700000
window 61/100	pass 1/1	step 1.4e+06
window 61/100	pass 1/1	step 2.1e+06
window 61/100	pass 1/1	step 2.8e+06
window 61/100	pass 1/1	step 3.5e+06
window 61/100	pass 1/1	step 4.2e+06
window 61/100	pass 1/1	step 4.9e+06
window 61/100	pass 1/1	step 5.6e+06
window 61/100	pass 1/1	step 6.3e+06
window 61/100	pass 1/1	step 7e+06
window 62/100	pass 1/1	step 700000
window 62/100	pass 1/1	step 1.4e+06
window 62/100	pass 1/1	step 2.1e+06
window 62/100	pass 1/1	step 2.8e+06
window 62/100	pass 1/1	step 3.5e+06
window 62/100	pass 1/1	step 4.2e+06
window 62/100	pass 1/1	step 4.9e+06
window 62/100	pass 1/1	step 5.6e+06
window 62/100	pass 1/1	step 6.3e+06
window 62/100	pass 1/1	step 7e+06
window 63/100	pass 1/1	step 700000
window 63/100	pass 1/1	step 1.4e+06
window 63/100	pass 1/1	step 2.1e+06
window 63/100	pass 1/1	step 2.8e+06
window 63/100	pass 1/1	step 3.5e+06
window 63/100	pass 1/1	step 4.2e+06
window 63/100	pass 1/1	step 4.9e+06
window 63/100	pass 1/1	step 5.6e+06
window 63/100	pass 1/1	step 6.3e+06
window 63/100	pass 1/1	step 7e+06
window 64/100	pass 1/1	step 700000
window 64/100	pass 1/1	step 1.4e+06
window 64/100	pass 1/1	step 2.1e+06
window 64/100	pass 1/1	step 2.8e+06
window 64/100	pass 1/1	step 3.5e+06
window 64/100	pass 1/1	step 4.2e+06
window 64/100	pass 1/1	step 4.9e+06
window 64/100	pass 1/1	step 5.6e+06
window 64/100	pass 1/1	step 6.3e+06
window 64/100	pass 1/1	step 7e+06
window 65/100	pass 1/1	step 700000
window 65/100	pass 1/1	step 1.4e+06
window 65/100	pass 1/1	step 2.1e+06
window 65/100	pass 1/1	step 2.8e+06
window 65/100	pass 1/1	step 3.5e+06
window 65/100	pass 1/1	step 4.2e+06
window 65/100	pass 1/1	step 4.9e+06
window 65/100	pass 1/1	step 5.6e+06
window 65/100	pass 1/1	step 6.3e+06
window 65/100	pass 1/1	step 7e+06
window 66/100	pass 1/1	step 700000
window 66/100	pass 1/1	step 1.4e+06
window 66/100	pass 1/1	step 2.1e+06
window 66/100	pass 1/1	step 2.8e+06
window 66/100	pass 1/1	step 3.5e+06
window 66/100	pass 1/1	step 4.2e+06
window 66/100	pass 1/1	step 4.9e+06
window 66/100	pass 1/1	step 5.6e+06
window 66/100	pass 1/1	step 6.3e+06
window 66/100	pass 1/1	step 7e+06
window 67/100	pass 1/1	step 700000
window 67/100	pass 1/1	step 1.4e+06
window 67/100	pass 1/1	step 2.1e+06
window 67/100	pass 1/1	step 2.8e+06
window 67/100	pass 1/1	step 3.5e+06
window 67/100	pass 1/1	step 4.2e+06
window 67/100	pass 1/1	step 4.9e+06
window 67/100	pass 1/1	step 5.6e+06
window 67/100	pass 1/1	step 6.3e+06
window 67/100	pass 1/1	step 7e+06
window 68/100	pass 1/1	step 700000
window 68/100	pass 1/1	step 1.4e+06
window 68/100	pass 1/1	step 2.1e+06
window 68/100	pass 1/1	step 2.8e+06
window 68/100	pass 1/1	step 3.5e+06
window 68/100	pass 1/1	step 4.2e+06
window 68/100	pass 1/1	step 4.9e+06
window 68/100	pass 1/1	step 5.6e+06
window 68/100	pass 1/1	step 6.3e+06
window 68/100	pass 1/1	step 7e+06
window 69/100	pass 1/1	step 700000
window 69/100	pass 1/1	step 1.4e+06
window 69/100	pass 1/1	step 2.1e+06
window 69/100	pass 1/1	step 2.8e+06
window 69/100	pass 1/1	step 3.5e+06
window 69/100	pass 1/1	step 4.2e+06
window 69/100	pass 1/1	step 4.9e+06
window 69/100	pass 1/1	step 5.6e+06
window 69/100	pass 1/1	step 6.3e+06
window 69/100	pass 1/1	step 7e+06
window 70/100	pass 1/1	step 700000
window 70/100	pass 1/1	step 1.4e+06
window 70/100	pass 1/1	step 2.1e+06
window 70/100	pass 1/1	step 2.8e+06
window 70/100	pass 1/1	step 3.5e+06
window 70/100	pass 1/1	step 4.2e+06
window 70/100	pass 1/1	step 4.9e+06
window 70/100	pass 1/1	step 5.6e+06
window 70/100	pass 1/1	step 6.3e+06
window 70/100	pass 1/1	step 7e+06
window 71/100	pass 1/1	step 700000
window 71/100	pass 1/1	step 1.4e+06
window 71/100	pass 1/1	step 2.1e+06
window 71/100	pass 1/1	step 2.8e+06
window 71/100	pass 1/1	step 3.5e+06
window 71/100	pass 1/1	step 4.2e+06
window 71/100	pass 1/1	step 4.9e+06
window 71/100	pass 1/1	step 5.6e+06
window 71/100	pass 1/1	step 6.3e+06
window 71/100	pass 1/1	step 7e+06
window 72/100	pass 1/1	step 700000
window 72/100	pass 1/1	step 1.4e+06
window 72/100	pass 1/1	step 2.1e+06
window 72/100	pass 1/1	step 2.8e+06
window 72/100	pass 1/1	step 3.5e+06
window 72/100	pass 1/1	step 4.2e+06
window 72/100	pass 1/1	step 4.9e+06
window 72/100	pass 1/1	step 5.6e+06
window 72/100	pass 1/1	step 6.3e+06
window 72/100	pass 1/1	step 7e+06
window 73/100	pass 1/1	step 700000
window 73/100	pass 1/1	step 1.4e+06
window 73/100	pass 1/1	step 2.1e+06
window 73/100	pass 1/1	step 2.8e+06
window 73/100	pass 1/1	step 3.5e+06
window 73/100	pass 1/1	step 4.2e+06
window 73/100	pass 1/1	step 4.9e+06
window 73/100	pass 1/1	step 5.6e+06
window 73/100	pass 1/1	step 6.3e+06
window 73/100	pass 1/1	step 7e+06
window 74/100	pass 1/1	step 700000
window 74/100	pass 1/1	step 1.4e+06
window 74/100	pass 1/1	step 2.1e+06
window 74/100	pass 1/1	step 2.8e+06
window 74/100	pass 1/1	step 3.5e+06
window 74/100	pass 1/1	step 4.2e+06
window 74/100	pass 1/1	step 4.9e+06
window 74/100	pass 1/1	step 5.6e+06
window 74/100	pass 1/1	step 6.3e+06
window 74/100	pass 1/1	step 7e+06
window 75/100	pass 1/1	step 700000
window 75/100	pass 1/1	step 1.4e+06
window 75/100	pass 1/1	step 2.1e+06
window 75/100	pass 1/1	step 2.8e+06
window 75/100	pass 1/1	step 3.5e+06
window 75/100	pass 1/1	step 4.2e+06
window 75/100	pass 1/1	step 4.9e+06
window 75/100	pass 1/1	step 5.6e+06
window 75/100	pass 1/1	step 6.3e+06
window 75/100	pass 1/1	step 7e+06
window 76/100	pass 1/1	step 700000
window 76/100	pass 1/1	step 1.4e+06
window 76/100	pass 1/1	step 2.1e+06
window 76/100	pass 1/1	step 2.8e+06
window 76/100	pass 1/1	step 3.5e+06
window 76/100	pass 1/1	step 4.2e+06
window 76/100	pass 1/1	step 4.9e+06
window 76/100	pass 1/1	step 5.6e+06
window 76/100	pass 1/1	step 6.3e+06
window 76/100	pass 1/1	step 7e+06
window 77/100	pass 1/1	step 700000
window 77/100	pass 1/1	step 1.4e+06
window 77/100	pass 1/1	step 2.1e+06
window 77/100	pass 1/1	step 2.8e+06
window 77/100	pass 1/1	step 3.5e+06
window 77/100	pass 1/1	step 4.2e+06
window 77/100	pass 1/1	step 4.9e+06
window 77/100	pass 1/1	step 5.6e+06
window 77/100	pass 1/1	step 6.3e+06
window 77/100	pass 1/1	step 7e+06
window 78/100	pass 1/1	step 700000
window 78/100	pass 1/1	step 1.4e+06
window 78/100	pass 1/1	step 2.1e+06
window 78/100	pass 1/1	step 2.8e+06
window 78/100	pass 1/1	step 3.5e+06
window 78/100	pass 1/1	step 4.2e+06
window 78/100	pass 1/1	step 4.9e+06
window 78/100	pass 1/1	step 5.6e+06
window 78/100	pass 1/1	step 6.3e+06
window 78/100	pass 1/1	step 7e+06
window 79/100	pass 1/1	step 700000
window 79/100	pass 1/1	step 1.4e+06
window 79/100	pass 1/1	step 2.1e+06
window 79/100	pass 1/1	step 2.8e+06
window 79/100	pass 1/1	step 3.5e+06
window 79/100	pass 1/1	step 4.2e+06
window 79/100	pass 1/1	step 4.9e+06
window 79/100	pass 1/1	step 5.6e+06
window 79/100	pass 1/1	step 6.3e+06
window 79/100	pass 1/1	step 7e+06
window 80/100	pass 1/1	step 700000
window 80/100	pass 1/1	step 1.4e+06
window 80/100	pass 1/1	step 2.1e+06
window 80/100	pass 1/1	step 2.8e+06
window 80/100	pass 1/1	step 3.5e+06
window 80/100	pass 1/1	step 4.2e+06
window 80/100	pass 1/1	step 4.9e+06
window 80/100	pass 1/1	step 5.6e+06
window 80/100	pass 1/1	step 6.3e+06
window 80/100	pass 1/1	step 7e+06
window 81/100	pass 1/1	step 700000
window 81/100	pass 1/1	step 1.4e+06
window 81/100	pass 1/1	step 2.1e+06
window 81/100	pass 1/1	step 2.8e+06
window 81/100	pass 1/1	step 3.5e+06
window 81/100	pass 1/1	step 4.2e+06
window 81/100	pass 1/1	step 4.9e+06
window 81/100	pass 1/1	step 5.6e+06
window 81/100	pass 1/1	step 6.3e+06
window 81/100	pass 1/1	step 7e+06
window 82/100	pass 1/1	step 700000
window 82/100	pass 1/1	step 1.4e+06
window 82/100	pass 1/1	step 2.1e+06
window 82/100	pass 1/1	step 2.8e+06
window 82/100	pass 1/1	step 3.5e+06
window 82/100	pass 1/1	step 4.2e+06
window 82/100	pass 1/1	step 4.9e+06
window 82/100	pass 1/1	step 5.6e+06
window 82/100	pass 1/1	step 6.3e+06
window 82/100	pass 1/1	step 7e+06
window 83/100	pass 1/1	step 700000
window 83/100	pass 1/1	step 1.4e+06
window 83/100	pass 1/1	step 2.1e+06
window 83/100	pass 1/1	step 2.8e+06
window 83/100	pass 1/1	step 3.5e+06
window 83/100	pass 1/1	step 4.2e+06
window 83/100	pass 1/1	step 4.9e+06
window 83/100	pass 1/1	step 5.6e+06
window 83/100	pass 1/1	step 6.3e+06
window 83/100	pass 1/1	step 7e+06
window 84/100	pass 1/1	step 700000
window 84/100	pass 1/1	step 1.4e+06
window 84/100	pass 1/1	step 2.1e+06
window 84/100	pass 1/1	step 2.8e+06
window 84/100	pass 1/1	step 3.5e+06
window 84/100	pass 1/1	step 4.2e+06
window 84/100	pass 1/1	step 4.9e+06
window 84/100	pass 1/1	step 5.6e+06
window 84/100	pass 1/1	step 6.3e+06
window 84/100	pass 1/1	step 7e+06
window 85/100	pass 1/1	step 700000
window 85/100	pass 1/1	step 1.4e+06
window 85/100	pass 1/1	step 2.1e+06
window 85/100	pass 1/1	step 2.8e+06
window 85/100	pass 1/1	step 3.5e+06
window 85/100	pass 1/1	step 4.2e+06
window 85/100	pass 1/1	step 4.9e+06
window 85/100	pass 1/1	step 5.6e+06
window 85/100	pass 1/1	step 6.3e+06
window 85/100	pass 1/1	step 7e+06
window 86/100	pass 1/1	step 700000
window 86/100	pass 1/1	step 1.4e+06
window 86/100	pass 1/1	step 2.1e+06
window 86/100	pass 1/1	step 2.8e+06
window 86/100	pass 1/1	step 3.5e+06
window 86/100	pass 1/1	step 4.2e+06
window 86/100	pass 1/1	step 4.9e+06
window 86/100	pass 1/1	step 5.6e+06
window 86/100	pass 1/1	step 6.3e+06
window 86/100	pass 1/1	step 7e+06
window 87/100	pass 1/1	step 700000
window 87/100	pass 1/1	step 1.4e+06
window 87/100	pass 1/1	step 2.1e+06
window 87/100	pass 1/1	step 2.8e+06
window 87/100	pass 1/1	step 3.5e+06
window 87/100	pass 1/1	step 4.2e+06
window 87/100	pass 1/1	step 4.9e+06
window 87/100	pass 1/1	step 5.6e+06
window 87/100	pass 1/1	step 6.3e+06
window 87/100	pass 1/1	step 7e+06
window 88/100	pass 1/1	step 700000
window 88/100	pass 1/1	step 1.4e+06
window 88/100	pass 1/1	step 2.1e+06
window 88/100	pass 1/1	step 2.8e+06
window 88/100	pass 1/1	step 3.5e+06
window 88/100	pass 1/1	step 4.2e+06
window 88/100	pass 1/1	step 4.9e+06
window 88/100	pass 1/1	step 5.6e+06
window 88/100	pass 1/1	step 6.3e+06
window 88/100	pass 1/1	step 7e+06
window 89/100	pass 1/1	step 700000
window 89/100	pass 1/1	step 1.4e+06
window 89/100	pass 1/1	step 2.1e+06
window 89/100	pass 1/1	step 2.8e+06
window 89/100	pass 1/1	step 3.5e+06
window 89/100	pass 1/1	step 4.2e+06
window 89/100	pass 1/1	step 4.9e+06
window 89/100	pass 1/1	step 5.6e+06
window 89/100	pass 1/1	step 6.3e+06
window 89/100	pass 1/1	step 7e+06
window 90/100	pass 1/1	step 700000
window 90/100	pass 1/1	step 1.4e+06
window 90/100	pass 1/1	step 2.1e+06
window 90/100	pass 1/1	step 2.8e+06
window 90/100	pass 1/1	step 3.5e+06
window 90/100	pass 1/1	step 4.2e+06
window 90/100	pass 1/1	step 4.9e+06
window 90/100	pass 1/1	step 5.6e+06
window 90/100	pass 1/1	step 6.3e+06
window 90/100	pass 1/1	step 7e+06
window 91/100	pass 1/1	step 700000
window 91/100	pass 1/1	step 1.4e+06
window 91/100	pass 1/1	step 2.1e+06
window 91/100	pass 1/1	step 2.8e+06
window 91/100	pass 1/1	step 3.5e+06
window 91/100	pass 1/1	step 4.2e+06
window 91/100	pass 1/1	step 4.9e+06
window 91/100	pass 1/1	step 5.6e+06
window 91/100	pass 1/1	step 6.3e+06
window 91/100	pass 1/1	step 7e+06
window 92/100	pass 1/1	step 700000
window 92/100	pass 1/1	step 1.4e+06
window 92/100	pass 1/1	step 2.1e+06
window 92/100	pass 1/1	step 2.8e+06
window 92/100	pass 1/1	step 3.5e+06
window 92/100	pass 1/1	step 4.2e+06
window 92/100	pass 1/1	step 4.9e+06
window 92/100	pass 1/1	step 5.6e+06
window 92/100	pass 1/1	step 6.3e+06
window 92/100	pass 1/1	step 7e+06
window 93/100	pass 1/1	step 700000
window 93/100	pass 1/1	step 1.4e+06
window 93/100	pass 1/1	step 2.1e+06
window 93/100	pass 1/1	step 2.8e+06
window 93/100	pass 1/1	step 3.5e+06
window 93/100	pass 1/1	step 4.2e+06
window 93/100	pass 1/1	step 4.9e+06
window 93/100	pass 1/1	step 5.6e+06
window 93/100	pass 1/1	step 6.3e+06
window 93/100	pass 1/1	step 7e+06
window 94/100	pass 1/1	step 700000
window 94/100	pass 1/1	step 1.4e+06
window 94/100	pass 1/1	step 2.1e+06
window 94/100	pass 1/1	step 2.8e+06
window 94/100	pass 1/1	step 3.5e+06
window 94/100	pass 1/1	step 4.2e+06
window 94/100	pass 1/1	step 4.9e+06
window 94/100	pass 1/1	step 5.6e+06
window 94/100	pass 1/1	step 6.3e+06
window 94/100	pass 1/1	step 7e+06
window 95/100	pass 1/1	step 700000
window 95/100	pass 1/1	step 1.4e+06
window 95/100	pass 1/1	step 2.1e+06
window 95/100	pass 1/1	step 2.8e+06
window 95/100	pass 1/1	step 3.5e+06
window 95/100	pass 1/1	step 4.2e+06
window 95/100	pass 1/1	step 4.9e+06
window 95/100	pass 1/1	step 5.6e+06
window 95/100	pass 1/1	step 6.3e+06
window 95/100	pass 1/1	step 7e+06
window 96/100	pass 1/1	step 700000
window 96/100	pass 1/1	step 1.4e+06
window 96/100	pass 1/1	step 2.1e+06
window 96/100	pass 1/1	step 2.8e+06
window 96/100	pass 1/1	step 3.5e+06
window 96/100	pass 1/1	step 4.2e+06
window 96/100	pass 1/1	step 4.9e+06
window 96/100	pass 1/1	step 5.6e+06
window 96/100	pass 1/1	step 6.3e+06
window 96/100	pass 1/1	step 7e+06
window 97/100	pass 1/1	step 700000
window 97/100	pass 1/1	step 1.4e+06
window 97/100	pass 1/1	step 2.1e+06
window 97/100	pass 1/1	step 2.8e+06
window 97/100	pass 1/1	step 3.5e+06
window 97/100	pass 1/1	step 4.2e+06
window 97/100	pass 1/1	step 4.9e+06
window 97/100	pass 1/1	step 5.6e+06
window 97/100	pass 1/1	step 6.3e+06
window 97/100	pass 1/1	step 7e+06
window 98/100	pass 1/1	step 700000
window 98/100	pass 1/1	step 1.4e+06
window 98/100	pass 1/1	step 2.1e+06
window 98/100	pass 1/1	step 2.8e+06
window 98/100	pass 1/1	step 3.5e+06
window 98/100	pass 1/1	step 4.2e+06
window 98/100	pass 1/1	step 4.9e+06
window 98/100	pass 1/1	step 5.6e+06
window 98/100	pass 1/1	step 6.3e+06
window 98/100	pass 1/1	step 7e+06
window 99/100	pass 1/1	step 700000
window 99/100	pass 1/1	step 1.4e+06
window 99/100	pass 1/1	step 2.1e+06
window 99/100	pass 1/1	step 2.8e+06
window 99/100	pass 1/1	step 3.5e+06
window 99/100	pass 1/1	step 4.2e+06
window 99/100	pass 1/1	step 4.9e+06
window 99/100	pass 1/1	step 5.6e+06
window 99/100	pass 1/1	step 6.3e+06
window 99/100	pass 1/1	step 7e+06
window 100/100	pass 1/1	step 700000
window 100/100	pass 1/1	step 1.4e+06
window 100/100	pass 1/1	step 2.1e+06
window 100/100	pass 1/1	step 2.8e+06
window 100/100	pass 1/1	step 3.5e+06
window 100/100	pass 1/1	step 4.2e+06
window 100/100	pass 1/1	step 4.9e+06
window 100/100	pass 1/1	step 5.6e+06
window 100/100	pass 1/1	step 6.3e+06
window 100/100	pass 1/1	step 7e+06
19.6% steps accepted
running time: 5.03 minutes
